// Jest Snapshot v1, https://goo.gl/fbAQLP

exports[`a pagina de configuracao deve ser renderizada corretamente 1`] = `
<div>
  <form
    class="form"
  >
    <div>
      <input
        placeholder="Insira os nomes dos participantes"
        type="text"
        value=""
      />
      <button
        disabled=""
      >
        Adicionar
      </button>
    </div>
    
  </form>
  <ul
    class="list"
  >
    <h2>
      Partipantes: 
      0
    </h2>
  </ul>
  <footer>
    <button
      disabled=""
    >
      Iniciar sorteio
    </button>
  </footer>
</div>
`;
